I'm sorry, but errors were detected in your script. Please correct the
errors listed below, and try again.


File "game/script.rpy", line 36: end of line expected.
    show color="000000"
              ^

Ren'Py Version: Ren'Py 8.3.4.24120703
Fri Jan 24 04:54:21 2025
